#-----------------------------------------------------------
# Webtalk v2020.3 (64-bit)
# SW Build 3173277 on Wed Apr  7 05:07:21 MDT 2021
# IP Build 3174024 on Wed Apr  7 23:42:35 MDT 2021
# Start of session at: Thu Feb  1 12:18:24 2024
# Process ID: 12949
# Current directory: /media/satvik/Study/M_tech/IITB/ARM_SoC_Design_Workshop/Lab_2/Vivado/Binary Adders/Binary Adders.sim/sim_1/behav/xsim
# Command line: wbtcv -mode batch -source /media/satvik/Study/M_tech/IITB/ARM_SoC_Design_Workshop/Lab_2/Vivado/Binary Adders/Binary Adders.sim/sim_1/behav/xsim/xsim.dir/tb_binary_adder_behav/webtalk/xsim_webtalk.tcl -notrace
# Log file: /media/satvik/Study/M_tech/IITB/ARM_SoC_Design_Workshop/Lab_2/Vivado/Binary Adders/Binary Adders.sim/sim_1/behav/xsim/webtalk.log
# Journal file: /media/satvik/Study/M_tech/IITB/ARM_SoC_Design_Workshop/Lab_2/Vivado/Binary Adders/Binary Adders.sim/sim_1/behav/xsim/webtalk.jou
#-----------------------------------------------------------
source /media/satvik/Study/M_tech/IITB/ARM_SoC_Design_Workshop/Lab_2/Vivado/Binary -notrace
